// Jest Snapshot v1, https://goo.gl/fbAQLP

exports[`Carousel Component match Snapshot 1`] = `
<section
  className="carousel"
  onMouseMove={[Function]}
  onMouseOut={[Function]}
>
  <div
    className="carousel__container"
    style={
      Object {
        "left": 0,
      }
    }
  />
</section>
`;
